// Jest Snapshot v1, https://goo.gl/fbAQLP

exports[`MoviesList snapshot MoviesList renderer 1`] = `
<article
  className="small-movie-card catalog__movies-card"
  onClick={[Function]}
  onMouseEnter={[Function]}
>
  <div
    className="small-movie-card__image"
  >
    <img
      alt="Fantastic Beasts: The Crimes of Grindelwald"
      height="175"
      src="https://resizing.flixster.com/hfmSxiWV1FlY5vtodiys3hYXPic=/fit-in/200x296.2962962962963/v1.bTsxMTE2ODAzMjtqOzE4NTM0OzEyMDA7ODAwOzEyMDA"
      width="280"
    />
  </div>
  <h3
    className="small-movie-card__title"
  >
    <a
      className="small-movie-card__link"
      href="movie-page.html"
    >
      Сияние
    </a>
  </h3>
</article>
`;
